1:TSXg3aVA4DzVKMNt_JyUV
2:3aZKpC7mamyjLPMlzV3nD
3:gVm9aHqmXtpO5wqGyyrSv
4:ABIZe-NJz08BmfAiOszVK
5:lTGYVND2sT0JeKvvnwoVi
6:GLOklvEWqkGhv3GNvoa9m
7:tbZTQ1weqsEvdLwPGaHXP
8:rSobNEy_m9hBu3EMQwlwL
9:4R9muVOo40XMq7Qz8oEu_
10:8KrpiMpQ3iZ12bC2a6RAQ
11:APOZvmA1STeLei9NxvCIY
12:JnRTn7bxdoFgh2Lwix2_6
13:VPj09SRVoF__OXMSsTMtS
14:tKdmtpvpg1rcQrIq1fZWK
15:EkLbAOyvnHVFvWu0rqs45
16:AxL6eNft5uKCyye4SK_bo
17:i-fURtrWVgP_S6SVWn5IZ
18:L4PO2L0k6_Sh8GZvDvVWW
19:BRy-WyjdHv94O2SWh0GhF
20:VDQrsMFGmVlPuVYS7oImW
21:OieFQ4C-XgGQ3aPM9t6rA
22:xyZtSaFMcUWSUr8I34Txv
23:0J0LN7j-0RMo2WwQBHJv3
24:SdXHbOG-Pfe5ASib1DC9E
25:P9Hs0SShrBr7wSG8El4au
26:HhBRH9GgTxbAgp47iCQ6K
27:oSksZIXqK084O3ZSPFhen
28:tgxcvLcYQrYbLtNChntXO
29:E4P_e6HgTZnosfjqYmDyv
30:w_RmeNZ1h1wXN52tzkwZt
31:tC0K9O9qjDTSW7B9QPH3t
32:rtegmQ-LqeH_-pBKFhKWV
33:aMDYuAez6fJVd8An64Y6l
34:hI-5fWns-MgbXjaiLGgEl
35:5e5v36zWp_b9B-VVqqykM
36:-dwbjFfP5gtCAZtHJ4kAz
37:p1vSvAGV7b-3NQCtHZ3zu
38:9hDa_e5D-1odUK6omC6l5
39:Cd7ZVl9C1snugVFGPgMht
40:zkRh1ZGK0RWXiUfydFHsc
41:eU5Sm07yYewPeHL0pAphf
42:HOsAg6VxfYBEU3gv8waq2
43:tQLZgYTiYHrNpgShuSYpj
44:DCIB-LoCDHeydZVMOUNz1
45:R5jIKenElrSbzaXOx2udV
46:4m3hQ2kJ8qJZ9XFkCh2W0
47:kLdjlj7qg8DNhyukOX6Ew
48:XchgmUoTK_GnW1QtHOS3B
49:3GFo0VYrWxznq3MEUINns
50:0gh-MDYvwVtjtkCEobB0A
51:Or1x95We6csJI0j-RFpEP
52:4_hZazJ2QzeQxmRDGNF0U
53:QpBA9H7k_Io-uLRWU0MLw
54:tKjarXK8B947GiEdRjjuS
55:SnT4Qtq-48B_c2uRNW4Uw
56:YcsK3yYvwIiCKb6OvNawr
57:N89To_-VM-y7U79XKpMYh
58:yaXse39x2xkWWAojX7X5K
59:XEDQwQc75jAcFLRFjb9ZL
60:r5igSUHElF9M3H-hj3H2a
61:u9gJf5xogqGmFyK6OpLVl
62:SHQuBevZpXd96-4jJycPJ
63:EZblaIS1IKM3ory3GtDrg
64:ll5mg5zMS3sfEXto7t6gr
65:XXF2sTak08QEi_R8b1dRF
66:Z5oHPMKM8lV4oUeA5Vrk1
67:gEl3IUmdztaZ0qhVE0LX7
68:tZRRTBKHA-vdHjVKp0HEx
69:Qw5oTrEJb9t6XvEqlcrvt
70:Jm9WgraWva3BSlf3ho_Dk
71:t891mllY9B7_cTip6kRA-
72:bFl55F2dj7pqpzun31ZeQ
73:eMOwsgNhck8lkPWDOnXGy
74:xdUV5NzpZ7ZCdxsekWOtb
75:vd14fUdKLlLGMk7ftVebI
76:r064kQsHJn1Q4ssbvLgYv
77:bAdWN_f0-DJW3BXpZwu_p
78:FJboEWziul84YsfFx8NqT
79:UjQJ5RK20G8_zPEHD0UgE
80:AF8YFcj1Wb47L8vyRc-8P
81:nfAXbrDQ4HLtPuQiQYotD
82:c1xP7_vnRpAucCmfnMl5o
83:OiS07lxo6GKng2pzIHhBc
84:uyB44icXgO9yL_wpY3o3b
85:zY0v0aHemTTjGT1zhEeH-
86:FsvIJndDMZG24ri8iC9jp
87:Ls-s0sr3WNw1O0Azu6Lmk
88:li5ZQrN3DQudRdGAfSkpX
89:tRoGX47-dxuyYoGxKfBfV
90:yhcqsGmrL-QcevlB5cbkz
91:V5eMqF6gPvoroXkPN1n-m
92:g4RNVPCLHVTFGxBOp0jRf
93:kZ-L0O5nPmT-WcGEHa1ER
94:4c1nUOJgtUOggiMGeyu0l
95:g9JFOv7jDuBEUpgHbkeHZ
96:ZcpUnwezIZYEZKu4_4QK7
97:PCrjagEDbmgMxDnHXrW_Q
98:ixP8MEqDVP35WOhSnvUV-
99:FmNE1GhViT08K4Qyzmg4k
100:-d49EqYrTTJn8LbUi0v0Y
101:Fvmd6xD7P0ZjaRe4CK2fO
102:TksWGlQf-fDGIu5Y2jOGx
103:ZMlTWmA5tTtYFbFdJoTXr
104:kax0BUXJ3BwBiBwywOeTN
105:1h8gfaCZHAp_x5dEstXtC
106:MVneHvkox05RlzTh1t5o8
107:LrigPsvx4wUJBIBuwAqZq
108:Vdp8HAIyuheydbBgxcCxQ
109:5TZU0fB-TAWeCKr5P-R43
110:zwJTAim0p9_vD4pc_DDfC
111:uhGTCjWbZXvDqJ13cM5qP
112:ALdPwLPAy0iz6HM6Vbswa
113:LnX6TD167TEGFD8EBScNf
114:RVh-_G1SFCMjbDQIhaK_3
115:iUvdW4FuGzs8qEjUwbKsm
116:a-Wi2dQZ-wO5L-qsWV6d2
117:jHJ4W2KVZ8CloAaQk6Sg3
118:Hcj_bVhagx7bE4yrRnj4Z
119:7und4e3ghs0zPqiVBOrGb
120:r13XBoygFLiGIUT2GiY7u
121:OzAZgeCyhYK5MCTeYbLod
122:MtyBOgrXLZKbwtzIz_pYy
123:_TJp5vp_wxy50-feBTMEm
124:ngrAVKdxuDqBCmQZEY_7v
125:-Di1PgsdREwa75KXfjC66
126:96TvlFPME2UXFmuKuQw9W
127:RvlPOYD-x0Ua1j782CoNN
128:lQAWhZs6FEEbbBT0FjZTV
129:ygdw0BEMlIa8vDdOgTfge
130:cO9wh9uhg6XJTSohazYcm
131:1WvIIhrm1aj4pVuESw7_m
132:kOMl2HBhVnxVfqsFBO1tN
133:wVpD-5_5sp6fDaHndfGvK
134:BufirdeaN-c4_Y4Nvjh0k
135:kUcChDWgstrEJql07Lkj8
136:Jo4ivSsT7BCayfkuNJuQc
137:k2l1B3SuV_jc1-EaRI7Dq
138:Vl3polgaEbVSYdY4MSZL8
139:ezi7NilVwlLOXO4YGFuV5
140:qxg2slxrkN8TgoRxlpEwV
141:vi7UPAEaUiagnuaxST3xW
142:Ey-t3luVRPUPmlqO_aM3V
143:_ldxOVON00K8XnZ2AYb1K
144:NLi5tpScWS4130AheX9iE
145:E2dUQvh_Imuj0btV0EV2I
146:tDdiUZhKXejKmlwqyshc1
147:NCAUKzjfT9WWhiXiGqdaB
148:jT28yVclg0u5uJDZxNhUB
149:YOaL7ll14_f2LorEa6IQf
150:7s2CxYTsn1X3asrgWN2mi
151:PAmR2vSYbSNPXYe616sTp
152:MwXnoaPguPlmUcX3X_o-U
153:uCxTSyy5lrbYljsuTWS0c
154:RCZWC2XVEBgIwzWKwUlm7
155:WPyZjEEc42YDJAqLbPU5k
156:z-hiU-VHJR1cQyXDk4WuL
157:5K9_STeLTiHZ4Qr8p_vIG
158:Rm_RsvBnVY4tlL_4iswxp
159:_dQ5QAPxgHbJZmtjN0gqD
160:BGIDFwUdQr9pmX5ncLdqm
161:c8mra02R0W5qZsuQS6Q9F
162:6f39yWyaM8kTg3hcgQJuj
163:xkTQAx3Ge_bH2BQGIOxy7
164:DL9buztH5OKlCIMHcvko6
165:BpTcyc4QjNiP65FGsjx5-
166:ZvefDvQNjxtjph73HOOuJ
167:wLWDQ0f0E75cPC8Vgb_Bn
168:YGtz3r93bSkdCeUucF3Mo
169:x1hyNaYdrqWvESeiAB9Qj
170:uRxwYanzuTkuHMvZeBF0D
171:7js507QLw15a1EQQZkofw
172:xom57XpOvqZVbmxOtxbW9
173:EamGMH5fHCxM8d6IT75gf
174:A5Ha2vgjRDdHFctkbm0ES
175:OuhF6upwL0ONkesCW9Zjl
176:w-9gEwfvjnIdgIPIqdoXo
177:RtPS5MQ0IJewsG0F1iTKH
178:v14kbEp4i8KXA0srpFugE
179:5cD2eMdMYxwEvXiMlTk9B
180:6i5Fv6b5q3i0wfSowhIE0
181:ZuX-_dSyuz5YLtGP7g6jg
182:hBPEpY4BoxH6qjEzOufQi
183:p-OsNNq7RLWkCbe83SuJd
184:WpToZiiM6S26EMwH2s9Cc
185:DxRcY8jU8FH1YaKtAp5m0
186:TLPERTnKfvEKRoYHmGc5V
187:v2izamJw5mRiBTujK2yz_
188:bw-Jrvw0A1Kw9Fn0jhZeI
189:MHYF2nyvV6JBlTHWvKFcB
190:h0Bb9lvicKLiWtz1mxXfv
191:gBhRgQxBbiAeN9jr9Ce1R
192:bcHHU-UKswTw_dR90Nc4Y
193:4MEn6siIxOWzVzdwNwXzs
194:wODw-_2FOBRLWoUaL6F8f
195:fWx936u3RHCrFIYdD_tas
196:yAgEN9rakRvj72b9-hXXc
197:g3u_dkN_0RXBvl98_mQfB
198:VYt2edN3P5fz0q5w8pukP
199:l4EsQxeKnUhD5G55d03rW
200:5jxck9AdcHspa07WuxLax
201:IFR7iQy2rcQgmK-L-vUe7
202:bz4k9tOYl7vJJ0xqu78iI
203:nBGHRMIscedJXJJopVvkJ
204:0-Lp-XwqSB_NeWpYNryF1
205:NFp4zqiH13pr9dJjW3TG-
206:cCBOCMXpGPpT8KjoZF8Cj
207:2V3XougoY1hI1CQSvE9iz
208:-bJbygx5pPgII-eq3zqqz
209:OaWc9qw_YSXxnz1T5Ulod
210:Ph2FRjI_0v6VdNmUsB-Mg
211:4vTvdkbUNWTzyAabV2hiW
212:Y1wOQbeo9PH3mzrYe4-uZ
213:KiAsR2-R8fiESj3yhhrc-
214:PQgET1lA_RtF5RrFFd646
215:aTWOpUierMsgjYhHYQ_oI
216:RDJPDTHB166KpLCPIYsn2
217:HG7p7eozs0lxbZ6ezaYC9
218:VKisluP9mh5LPNjzywiqD
219:g-Yqa50skvSn60MI6S5gh
220:eSExx7bMlM4oZ9Z48LK7I
221:8tkiOeAoNxXJyvNRPNX76
222:E4Ac-h9rM9VUyORSR7R-h
223:Doovv0MGfNeTfY4b9laRm
224:kXBdqK8ec_KfaunxrsYGj
225:_sQd_g7I6G2b_3Wnw_tWj
226:cteGoKs4yh7sMQSJ3x81I
227:Zv44cuFAYymAPGmvchVqd
228:Cwz6jYqJXa9Y1uunuGHJW
229:R3B5gEbZq6iZdE_itUOKD
230:fb8yGvJypOrHNmhLVLFu5
231:PXLsF79o_J1UaPIepkkmV
232:pwEnas0QNtx683MVEcmHR
233:aeadVGc8ZzIicyX5uzJgc
234:dVomeoXcST2Twa-xHxelC
235:alYoIK89ejtWaCVSCjO5n
236:zaXbRLpOaesdi3PXJcc5F
237:8E399W9Ty_-4Nc5hh1Z0V
238:AYz--O2tLmqBj5Olyp9nG
239:BVX3rkXQVu520zKuRzgJR
240:AbLR42Mo2YBUMQZhrMD-c
241:OOCY_-DZxqK8S7rETlzY6
242:FSMd5JssWzPNWjV-c_i3o
243:fhVAEakoLE__gwbhbH3hP
244:2NIII25pFVN0oCQBEHOyK
245:pbYHH3UMjOEG0saV7Qp_6
246:PHv8fBD6i7yt1liI7LSzd
247:Q0cUXh9QuNeXaGpC_bCN7
248:MFOTwFgwb-9B-8QU5cKk_
249:HmpLcWR4QGVG6O4K_HDnW
250:CN3MMtGolOVExk9xToN4O
251:08_6dH3684jNsvuUl3636
252:IRpTxChm9q-tIvufG8eIS
253:99Q8g4svwDpW_IPMOrxv6
254:qrnay55fnXzejhp8pM7ou
255:Wz1m6m0UcqsD8LO99IxcV
256:EoIgbvnTe_DES4tqX66c5
257:nL4gBuiZEtfAhZW53qtq_
258:gJ2whColFR-26N4uGGzKw
259:TiD0Sq7r1gAgrgcXNWQQx
260:FH05R2uTy7rcp6UiPiagw
261:jrZLDel4Ib8bq53lbk6Xx
262:hAu2wm6D43AVApMAH_17t
263:L3wlM-oKOJ8vteR07mGZh
264:W6GQ5zlVun2a2UwcdWdE-
265:F-HIIiEMVFivpUBBPx0IM
266:LYj1MvR6mEMR9fBlmgpKV
267:aLmgRCpzzo2b5kWUad0Te
268:GCDSrnyyA4p7CSbeicxWA
269:sDvWpp8pHMJvb1OhpKCTE
270:IPh0CppAw2VBFClbsIYE2
271:gL8SjEdsaa9qgzZEQl0I8
272:_agtct5J9WtZVhG8KBZ9r
273:Bsm1ilP0RViuinlbEzxNY
274:dBu-DfoZaajwbF9eHfrhp
275:97--WjoQYcUsxLODuuJBo
276:ipWGujX1jXAxtXRzv-GK2
277:6D0Ikic9gHUNS0v3oA0xD
278:lwNkqYhOXoRaJcm4DnO2H
279:E1IKEmtWFtT001yLNeDe6
280:nnA_MwqPBXJHGCadCBKy0
281:TLS3t7t8nUx_fWK9D32ij
282:D4ovwyk3Fznfzs7uY38hW
283:aLWmgqxiDwmPZ1-3XyGh0
284:6jA8RDQWaWKlE97zq4_pW
285:3-iCeizLiESZfYwOIQaTD
286:3r1dS5JMAihX9eB9RdkAK
287:IZuA1jjn1lhQEFNOx6pBo
288:vZF4gu0jsuM2OtPA5q1lm
289:ROtHS6TLUCXFhuDKWc3P4
290:OwviHnxd4uCqp_9rNnMbm
291:bDri5-AHspsdMu_k8UN4U
292:FMyStdvB1QSJ-pVgYICIC
293:Qhs9NlLCAqZzXmh8OmUox
294:6kV8K-vRT6ClcUqo0s_2M
295:vXapETiAThP0pyQASD5dl
296:OU_IYC3gmoYKVlILn9tJP
297:DnfL99h7MnPLuEkB4lPCS
298:984-5vrmyHgaIUg1xKhaC
299:FbMeisBCjB7HcFCqADZSi
300:qpMzbAGYovM0x7FmW4N53
301:jOl0CFH2eeTlM0sfk8fxN
302:T3Fsi7AbDqHL80WYGd3wF
303:pmQwmdTStMeTszzSkryJU
304:MNPpivSqvheh328tPh-Tz
305:jaYNwVOJaBK4O8MZE5yJn
306:dCFk6SakxiMpFjkXWOxI4
307:a-XljFMKYhuaoFWYBTbwj
308:GzFOoeRL1DYb2s55-HHQv
309:liupgDUnuXp0r-cRiHtqM
310:BnZI5NXiIKNbkOBRyTMl3
311:JF_0V2YZKLs1SXcJTWLOf
312:NyUy_53Gjtl3R9wuTrY65
313:5mdS6L7assCA-O4luWPSF
314:Mo59hV4xgWW6JR_XXNuqm
315:xoihIdXL1NuDcekbTRJIh
316:YZ9akuOgWYmH8_oVQneTw
317:QH1-CBAa44MfeXsnFSLBG
318:S3PCCG0YSJvBFYioeubIs
319:vDeSg9rro_G_lgJOvCEZN
320:OH1-v2p-_ZjsOO8lmR9wX
321:Tby3cS3JC2PlUB0eapf-g
322:jn9l8XKnr681yt7CElKoR
323:1yiEcqsNgBBLQ_m6-s3FS
324:YEf0nKBh59n6vP36uwUun
325:970WekTye47ZK1O-rPSkQ
326:L2g6NlezB1IbRoi_be1Gv
327:fEa8u4AMUjrWs8CVqCmR8
328:zHRoypvDRr3U_Vu2Sw6M-
329:OovphYR4gbvVwkb8Iriwu
330:2V7_6pq1SzZjzZ4jh-TIs
331:1WvNZUm7YJfV_nJEa8sUT
332:2wjwykAXhHt1o-lWZQFLM
333:lgmEaM0PSxOsPhDG5JZ6i
334:a16vGAerUD-Ti2Mqzu5yk
335:U6zpkfupMdlNJEcC40Qfu
336:mnlFBciBg4EYm9rI2Lnch
337:fOQ6gbu6bvPQOZM4QDHq3
338:eei4PgJSOTEu9tDv2DgEa
339:hIzMZIXQ_9tJUvTopv1yZ
340:THGMFFh4xrYXPYxrtUrxt
341:6445ZWj4EoNXfknzBc5ML
342:SDsghMciu7vscSO9DZxVB
343:MIkQTjg9RDG8_hwXGVX9K
344:X0JwC8S3YmM6Gf3ui6VVV
345:sCPe-zwpnDnkCJMvNHVx4
346:NfpRxXvVK_yg4SG5-xIrL
347:LS8-RUeMc034Ln6nPYyUY
348:2DsVFSVpWQk5AZLdXFoBZ
349:NDhAuVE_uS0GMCcducTZf
350:EM3ILljItnIn8gXeENLSX
351:ZvxnaxoYYYV5ku0N_EC7U
352:AcA1TRbUW3uFw-z22ckHB
353:D27wSwSNxtyZ8GaFZWG4F
354:DIV6op28rGE_fKf5i-Yme
355:ZxBjBCTdRyDj9IZxSANws
356:da1FyKTVKQ-P2DUxFoQOj
357:dEQQDDRCD3OypY0lqmfnX
358:v-TrTTXNlj4QUvfKuvZTp
359:EV6luZJkCiIMS3n0oxSTF
360:Bie21OPZ8KawgsU56PZWd
361:BhK69DHd6BmbBug37-WBb
362:mMHjlwGyH-6ewB_8vJ2GY
363:rr0AB0e1ITKf3nE8UzUO6
364:BzZu9xKhpIIieN-yY5jbc
365:6vdP5aWUGfOxGxPHHvb-Z
366:IH5nrV_t7z5ElPho2ZDBL
367:px7TNFRS6cdh7gQnIG5l1
368:e2P80OEjA6iAkOcwfQp0K
369:wt15tMh0PZRdUY6kZ1Ki_
370:7d1D8cODlDUEY5jNgtvtJ
371:WM8jruofrexDkkUmxx5Ot
372:2aCOXxdWg9iH2qQCF_X91
373:yiktibbkZCBQAEj4j2CRR
374:UDlNzqx9HxQgh-BiO1p1S
375:uKihXHlxr3rEr5YVtQj1c
376:aKoELTLWtZYm9fECugYaT
377:FaWqBL5KzWCpmPEUbnWzN
378:ft_6N6Khh-JbFLewBgTZx
379:ML2aVOsrfbYIaJyJU2dje
380:ebO3MuWgNfZuleqTdniSA
381:Mhk-t3uAcuGdF1wpQLD25
382:VwUTWX8Pjp50J8cr0zMeQ
383:_eydN_wFyDuHXOUq3GR27
384:f6r4lwAh4Md8Wc9jDoSKW
385:Yjx4On-6zKeKI9yayoerX
386:pVl_qlBsFaRfkmU-69gww
387:8Nb9CrV_6yY5ow88YcpSU
388:RYxzoMRayAp3Fbrl09_UI
389:Eerqs6bZbn6kJ-kG1WqW8
390:OamK7w-EVxjlqg1K_JyCC
391:YdJUmFbB9AIg6KVWCzFlS
392:9qfJGj1t7QZa3kyYHe-sw
393:pWWTVxtUmiNgloYavqvlf
394:frPBNej7k1wsgFnoaJgpf
395:sRx88MMgL-HUL8eKu3Ayn
396:5WOi2acJQ1c6zw9dH2FtH
397:V-q12R-htPbubI1XD-QmA
398:1YJB0hbopIY9KhjP-M71H
399:n7h_zODRRRoq2T7YLSPUf
400:4BweL_oUAVf6BLI9TLaQp
401:-JSz8QPJWvAjXuh8Yxw0k
402:bfmBCaLEOzPnti-wlXN2k
403:8pgAa8JYO4Fg3S2qpGeqV
404:GGygHmfXIq03Ss1ErYIPz
405:IBcgsUCJKLA8iKwIvUx5d
406:f3nbvOaZRiK94MwDK6aRx
407:1yoC2uDrkqfJ2uHIxbzr7
408:y72onrUTEkp9u9Kt6_k67
409:NFOb5z7kF-X2hSBq0lk1f
410:3FfRxSIy3cy2938ZzfSjZ
411:y9G3IO-7TuRDudRqsLx9R
412:rvMgWplhsu2uAUfrqVJbx
413:minxCe9WnkvNRzeGORQeE
414:lJebU1YUXJJWS5IdO2-b7
415:JYmuewO5pGrwSd6PjKZVP
416:zv4xz9Uq29LivdxrttmGh
417:AfWnuyBlI7dZruGbWD8tA
418:yZ7SZOk3ofLxEU3uylwv0
419:-M_PWrt73RXt_dAskOyo2
420:Y5SomkwY8wlWfbPoH23mA
421:GhuDkc9GvZ_NMepnlWCHN
422:GZni7ezqwdGvig42KmkCC
423:dXpmaE7H2nrteqWnAP-KR
424:IY_57syiNsz5iNphoK3y3
425:JxFYdiIt1TgL8vslsFw1o
426:AMMWNY7wycvdlQX-LXh7S
427:SfinKySSXk2k4SMXxezqf
428:AyoV3qPqz1OINoeb7dAi1
429:FPS0C0qLLcduL8S0fvkww
430:1Q31ivkHXyCfIDQZpGNQW
431:JfRn6sDACHCaPOk6zvl4y
432:-VEg-O7Z1TnJEBXtcydnf
433:f1LShZxN5yrEE0OXzZ2gr
434:fSYB-42PcK6IhPUlv2Tw2
435:_SptoBBLwCCSmojad7CgE
436:79UAimQS7dkbuh7eZ2ykh
437:OXdHKNBmA0SCeh2Sxn0Ez
438:tVutNUd-29pjP9lU1FFs7
439:QoctBxfkElfiBh8JgX31p
440:bGpFB_KgQ218cgt3oChqx
441:EnOCaDJ1BW0azWOlGwXH7
442:QOpbnsp_oWdn8ghET2iCx
443:rxrZXXKDAcrTa-BgXghEq
444:aP7t1V17Nj5r4UQ_R7zNh
445:y-1dKX1LWZyiBMvkWMkWP
446:gKs8i2TIpIKOEBCCvZwSj
447:gh66qAbFp5Y0wy6eotaGE
448:PTuYPGbN898044Ugsl6vL
449:CmHFwpKyfPeowvptKSjhG
450:kDUsc6QJutDzKg_aETHL8
451:Z-wQniD0EP_d7kl-Yv3Ta
452:6-5FkJzaoIMk8MQIKCkST
453:1yPaNIl2JNqX69TwvkjZm
454:TBrhahoL_--5Zr5CYTTAQ
455:AukSUT2m-mW4NQF7Z1yLr
456:ZAJYXmPncTscCvJDFKTLx
457:u6BZVC9JsDGNht1fHHD4v
458:74ey97uE_X4kHbAwMtF2S
459:gIm0E5JXfsOr0BIPSvQd2
460:MtMKcB-A2w5yrk_DPZuE7
461:QeDhZyFL6E62vSEkHhwIt
462:2Cf0lv9_XtRqUI7HKk24P
463:8zYWwWJ9pXimHcgmoiE--
464:w-BueIVXmDdMSGh7ZItt8
465:ZViG0MHustDTkyVg-1fnq
466:7svT5MbeSu1ULoNBVYVcH
467:9pmiMSl_ecZb2V_crZlmB
468:KZo487vGrhY_1cNe4jTYV
469:6K72GDbwzgAyBVVvu5aPa
470:7PE9s0i8a7WveE9pbE3aa
471:CJEOrjOZzpDathvqEGNtN
472:_vSyqVypVnF5gpiL2e1QC
473:7vO2Wob-G6PAyRucijTNN
474:gzZsPppc5gwsguzaaITDH
475:jgdpZvEzlklbB7htc91PJ
476:DiNhutCh_Mcgqwpmk2Xrt
477:oxrGaWPJtrBPhBbhQNbqU
478:ekXnVnwZSEBLSJbwdg9Ku
479:YBYtevz9XlVJLJeSap4mi
480:p1CDqPi6AtEJwomADE-Z8
481:iFfVjS3c6qlCFe1j3mhKD