1:Z-wQniD0EP_d7kl-Yv3Ta
2:6-5FkJzaoIMk8MQIKCkST
3:7d1D8cODlDUEY5jNgtvtJ
4:WM8jruofrexDkkUmxx5Ot
5:BRy-WyjdHv94O2SWh0GhF
6:VDQrsMFGmVlPuVYS7oImW
7:OieFQ4C-XgGQ3aPM9t6rA
8:xyZtSaFMcUWSUr8I34Txv
9:0J0LN7j-0RMo2WwQBHJv3
10:SdXHbOG-Pfe5ASib1DC9E
11:P9Hs0SShrBr7wSG8El4au
12:HhBRH9GgTxbAgp47iCQ6K
13:r064kQsHJn1Q4ssbvLgYv
14:bAdWN_f0-DJW3BXpZwu_p
15:FJboEWziul84YsfFx8NqT
16:UjQJ5RK20G8_zPEHD0UgE
17:AF8YFcj1Wb47L8vyRc-8P
18:nfAXbrDQ4HLtPuQiQYotD
19:c1xP7_vnRpAucCmfnMl5o
20:OiS07lxo6GKng2pzIHhBc
21:uyB44icXgO9yL_wpY3o3b
22:zY0v0aHemTTjGT1zhEeH-
23:JYmuewO5pGrwSd6PjKZVP
24:2aCOXxdWg9iH2qQCF_X91
25:yiktibbkZCBQAEj4j2CRR
26:BhK69DHd6BmbBug37-WBb
27:GGygHmfXIq03Ss1ErYIPz
28:u9gJf5xogqGmFyK6OpLVl
29:SHQuBevZpXd96-4jJycPJ
30:EZblaIS1IKM3ory3GtDrg
31:fWx936u3RHCrFIYdD_tas
32:yAgEN9rakRvj72b9-hXXc
33:hI-5fWns-MgbXjaiLGgEl
34:5e5v36zWp_b9B-VVqqykM
35:JxFYdiIt1TgL8vslsFw1o
36:AMMWNY7wycvdlQX-LXh7S
37:R5jIKenElrSbzaXOx2udV
38:4m3hQ2kJ8qJZ9XFkCh2W0
39:Eerqs6bZbn6kJ-kG1WqW8
40:OamK7w-EVxjlqg1K_JyCC
41:YdJUmFbB9AIg6KVWCzFlS
42:ZxBjBCTdRyDj9IZxSANws
43:5TZU0fB-TAWeCKr5P-R43
44:YGtz3r93bSkdCeUucF3Mo
45:x1hyNaYdrqWvESeiAB9Qj
46:-dwbjFfP5gtCAZtHJ4kAz
47:p1vSvAGV7b-3NQCtHZ3zu
48:9hDa_e5D-1odUK6omC6l5
49:Cd7ZVl9C1snugVFGPgMht
50:Y1wOQbeo9PH3mzrYe4-uZ
51:KiAsR2-R8fiESj3yhhrc-
52:APOZvmA1STeLei9NxvCIY
53:JnRTn7bxdoFgh2Lwix2_6
54:VPj09SRVoF__OXMSsTMtS
55:ipWGujX1jXAxtXRzv-GK2
56:6D0Ikic9gHUNS0v3oA0xD
57:lwNkqYhOXoRaJcm4DnO2H
58:E1IKEmtWFtT001yLNeDe6
59:alYoIK89ejtWaCVSCjO5n
60:_sQd_g7I6G2b_3Wnw_tWj
61:l4EsQxeKnUhD5G55d03rW
62:5jxck9AdcHspa07WuxLax
63:IFR7iQy2rcQgmK-L-vUe7
64:uRxwYanzuTkuHMvZeBF0D
65:7js507QLw15a1EQQZkofw
66:xom57XpOvqZVbmxOtxbW9
67:08_6dH3684jNsvuUl3636
68:X0JwC8S3YmM6Gf3ui6VVV
69:ll5mg5zMS3sfEXto7t6gr
70:XXF2sTak08QEi_R8b1dRF
71:OH1-v2p-_ZjsOO8lmR9wX
72:Tby3cS3JC2PlUB0eapf-g
73:jn9l8XKnr681yt7CElKoR
74:1yPaNIl2JNqX69TwvkjZm
75:TBrhahoL_--5Zr5CYTTAQ
76:-d49EqYrTTJn8LbUi0v0Y
77:cteGoKs4yh7sMQSJ3x81I
78:Zv44cuFAYymAPGmvchVqd
79:Cwz6jYqJXa9Y1uunuGHJW
80:R3B5gEbZq6iZdE_itUOKD
81:fb8yGvJypOrHNmhLVLFu5
82:gL8SjEdsaa9qgzZEQl0I8
83:_agtct5J9WtZVhG8KBZ9r
84:Bsm1ilP0RViuinlbEzxNY
85:dBu-DfoZaajwbF9eHfrhp
86:PQgET1lA_RtF5RrFFd646
87:aTWOpUierMsgjYhHYQ_oI
88:RDJPDTHB166KpLCPIYsn2
89:a-Wi2dQZ-wO5L-qsWV6d2
90:jHJ4W2KVZ8CloAaQk6Sg3
91:Hcj_bVhagx7bE4yrRnj4Z
92:3r1dS5JMAihX9eB9RdkAK
93:IZuA1jjn1lhQEFNOx6pBo
94:vZF4gu0jsuM2OtPA5q1lm
95:fOQ6gbu6bvPQOZM4QDHq3
96:eei4PgJSOTEu9tDv2DgEa
97:hIzMZIXQ_9tJUvTopv1yZ
98:THGMFFh4xrYXPYxrtUrxt
99:zwJTAim0p9_vD4pc_DDfC
100:bGpFB_KgQ218cgt3oChqx
101:zv4xz9Uq29LivdxrttmGh
102:AfWnuyBlI7dZruGbWD8tA
103:97--WjoQYcUsxLODuuJBo
104:PXLsF79o_J1UaPIepkkmV
105:pwEnas0QNtx683MVEcmHR
106:aeadVGc8ZzIicyX5uzJgc
107:dVomeoXcST2Twa-xHxelC
108:pVl_qlBsFaRfkmU-69gww
109:8Nb9CrV_6yY5ow88YcpSU
110:kLdjlj7qg8DNhyukOX6Ew
111:XchgmUoTK_GnW1QtHOS3B
112:3GFo0VYrWxznq3MEUINns
113:0gh-MDYvwVtjtkCEobB0A
114:BVX3rkXQVu520zKuRzgJR
115:AbLR42Mo2YBUMQZhrMD-c
116:Or1x95We6csJI0j-RFpEP
117:2Cf0lv9_XtRqUI7HKk24P
118:8zYWwWJ9pXimHcgmoiE--
119:w-BueIVXmDdMSGh7ZItt8
120:liupgDUnuXp0r-cRiHtqM
121:BnZI5NXiIKNbkOBRyTMl3
122:JF_0V2YZKLs1SXcJTWLOf
123:EamGMH5fHCxM8d6IT75gf
124:A5Ha2vgjRDdHFctkbm0ES
125:OuhF6upwL0ONkesCW9Zjl
126:w-9gEwfvjnIdgIPIqdoXo
127:FsvIJndDMZG24ri8iC9jp
128:Ls-s0sr3WNw1O0Azu6Lmk
129:li5ZQrN3DQudRdGAfSkpX
130:tRoGX47-dxuyYoGxKfBfV
131:HG7p7eozs0lxbZ6ezaYC9
132:AukSUT2m-mW4NQF7Z1yLr
133:sCPe-zwpnDnkCJMvNHVx4
134:gh66qAbFp5Y0wy6eotaGE
135:PTuYPGbN898044Ugsl6vL
136:IBcgsUCJKLA8iKwIvUx5d
137:f3nbvOaZRiK94MwDK6aRx
138:IRpTxChm9q-tIvufG8eIS
139:99Q8g4svwDpW_IPMOrxv6
140:_TJp5vp_wxy50-feBTMEm
141:ngrAVKdxuDqBCmQZEY_7v
142:-Di1PgsdREwa75KXfjC66
143:OOCY_-DZxqK8S7rETlzY6
144:FSMd5JssWzPNWjV-c_i3o
145:fhVAEakoLE__gwbhbH3hP
146:2NIII25pFVN0oCQBEHOyK
147:pbYHH3UMjOEG0saV7Qp_6
148:PHv8fBD6i7yt1liI7LSzd
149:Q0cUXh9QuNeXaGpC_bCN7
150:_SptoBBLwCCSmojad7CgE
151:ZViG0MHustDTkyVg-1fnq
152:7svT5MbeSu1ULoNBVYVcH
153:mMHjlwGyH-6ewB_8vJ2GY
154:rr0AB0e1ITKf3nE8UzUO6
155:1yoC2uDrkqfJ2uHIxbzr7
156:bz4k9tOYl7vJJ0xqu78iI
157:nBGHRMIscedJXJJopVvkJ
158:1yiEcqsNgBBLQ_m6-s3FS
159:YEf0nKBh59n6vP36uwUun
160:970WekTye47ZK1O-rPSkQ
161:wVpD-5_5sp6fDaHndfGvK
162:BufirdeaN-c4_Y4Nvjh0k
163:kUcChDWgstrEJql07Lkj8
164:YOaL7ll14_f2LorEa6IQf
165:7s2CxYTsn1X3asrgWN2mi
166:NfpRxXvVK_yg4SG5-xIrL
167:LS8-RUeMc034Ln6nPYyUY
168:2DsVFSVpWQk5AZLdXFoBZ
169:ROtHS6TLUCXFhuDKWc3P4
170:OwviHnxd4uCqp_9rNnMbm
171:bDri5-AHspsdMu_k8UN4U
172:FMyStdvB1QSJ-pVgYICIC
173:8E399W9Ty_-4Nc5hh1Z0V
174:AYz--O2tLmqBj5Olyp9nG
175:nnA_MwqPBXJHGCadCBKy0
176:PAmR2vSYbSNPXYe616sTp
177:0-Lp-XwqSB_NeWpYNryF1
178:NFp4zqiH13pr9dJjW3TG-
179:Qhs9NlLCAqZzXmh8OmUox
180:6kV8K-vRT6ClcUqo0s_2M
181:vXapETiAThP0pyQASD5dl
182:ebO3MuWgNfZuleqTdniSA
183:Mhk-t3uAcuGdF1wpQLD25
184:Fvmd6xD7P0ZjaRe4CK2fO
185:yZ7SZOk3ofLxEU3uylwv0
186:-M_PWrt73RXt_dAskOyo2
187:Y5SomkwY8wlWfbPoH23mA
188:ezi7NilVwlLOXO4YGFuV5
189:qxg2slxrkN8TgoRxlpEwV
190:vi7UPAEaUiagnuaxST3xW
191:jOl0CFH2eeTlM0sfk8fxN
192:T3Fsi7AbDqHL80WYGd3wF
193:pmQwmdTStMeTszzSkryJU
194:MNPpivSqvheh328tPh-Tz
195:TksWGlQf-fDGIu5Y2jOGx
196:ZMlTWmA5tTtYFbFdJoTXr
197:SfinKySSXk2k4SMXxezqf
198:AyoV3qPqz1OINoeb7dAi1
199:RtPS5MQ0IJewsG0F1iTKH
200:v14kbEp4i8KXA0srpFugE
201:5cD2eMdMYxwEvXiMlTk9B
202:v2izamJw5mRiBTujK2yz_
203:y9G3IO-7TuRDudRqsLx9R
204:rvMgWplhsu2uAUfrqVJbx
205:g3u_dkN_0RXBvl98_mQfB
206:BzZu9xKhpIIieN-yY5jbc
207:6vdP5aWUGfOxGxPHHvb-Z
208:IH5nrV_t7z5ElPho2ZDBL
209:minxCe9WnkvNRzeGORQeE
210:OU_IYC3gmoYKVlILn9tJP
211:px7TNFRS6cdh7gQnIG5l1
212:4vTvdkbUNWTzyAabV2hiW
213:lJebU1YUXJJWS5IdO2-b7
214:TSXg3aVA4DzVKMNt_JyUV
215:UDlNzqx9HxQgh-BiO1p1S
216:1YJB0hbopIY9KhjP-M71H
217:qrnay55fnXzejhp8pM7ou
218:Wz1m6m0UcqsD8LO99IxcV
219:EoIgbvnTe_DES4tqX66c5
220:WPyZjEEc42YDJAqLbPU5k
221:z-hiU-VHJR1cQyXDk4WuL
222:5K9_STeLTiHZ4Qr8p_vIG
223:Z5oHPMKM8lV4oUeA5Vrk1
224:gEl3IUmdztaZ0qhVE0LX7
225:tZRRTBKHA-vdHjVKp0HEx
226:9pmiMSl_ecZb2V_crZlmB
227:KZo487vGrhY_1cNe4jTYV
228:rSobNEy_m9hBu3EMQwlwL
229:4R9muVOo40XMq7Qz8oEu_
230:oxrGaWPJtrBPhBbhQNbqU
231:ekXnVnwZSEBLSJbwdg9Ku
232:YBYtevz9XlVJLJeSap4mi
233:bw-Jrvw0A1Kw9Fn0jhZeI
234:MHYF2nyvV6JBlTHWvKFcB
235:cCBOCMXpGPpT8KjoZF8Cj
236:2V3XougoY1hI1CQSvE9iz
237:oSksZIXqK084O3ZSPFhen
238:tgxcvLcYQrYbLtNChntXO
239:nL4gBuiZEtfAhZW53qtq_
240:gJ2whColFR-26N4uGGzKw
241:6K72GDbwzgAyBVVvu5aPa
242:p1CDqPi6AtEJwomADE-Z8
243:iFfVjS3c6qlCFe1j3mhKD
244:RYxzoMRayAp3Fbrl09_UI
245:NyUy_53Gjtl3R9wuTrY65
246:5mdS6L7assCA-O4luWPSF
247:Mo59hV4xgWW6JR_XXNuqm
248:6i5Fv6b5q3i0wfSowhIE0
249:ZuX-_dSyuz5YLtGP7g6jg
250:hBPEpY4BoxH6qjEzOufQi
251:FPS0C0qLLcduL8S0fvkww
252:1Q31ivkHXyCfIDQZpGNQW
253:L2g6NlezB1IbRoi_be1Gv
254:fEa8u4AMUjrWs8CVqCmR8
255:zHRoypvDRr3U_Vu2Sw6M-
256:OovphYR4gbvVwkb8Iriwu
257:9qfJGj1t7QZa3kyYHe-sw
258:pWWTVxtUmiNgloYavqvlf
259:eSExx7bMlM4oZ9Z48LK7I
260:8tkiOeAoNxXJyvNRPNX76
261:79UAimQS7dkbuh7eZ2ykh
262:OXdHKNBmA0SCeh2Sxn0Ez
263:3aZKpC7mamyjLPMlzV3nD
264:gVm9aHqmXtpO5wqGyyrSv
265:JfRn6sDACHCaPOk6zvl4y
266:-VEg-O7Z1TnJEBXtcydnf
267:f1LShZxN5yrEE0OXzZ2gr
268:7und4e3ghs0zPqiVBOrGb
269:r13XBoygFLiGIUT2GiY7u
270:TiD0Sq7r1gAgrgcXNWQQx
271:FH05R2uTy7rcp6UiPiagw
272:xoihIdXL1NuDcekbTRJIh
273:TLS3t7t8nUx_fWK9D32ij
274:yhcqsGmrL-QcevlB5cbkz
275:V5eMqF6gPvoroXkPN1n-m
276:g4RNVPCLHVTFGxBOp0jRf
277:Ey-t3luVRPUPmlqO_aM3V
278:_ldxOVON00K8XnZ2AYb1K
279:NLi5tpScWS4130AheX9iE
280:7PE9s0i8a7WveE9pbE3aa
281:CJEOrjOZzpDathvqEGNtN
282:GhuDkc9GvZ_NMepnlWCHN
283:GZni7ezqwdGvig42KmkCC
284:e2P80OEjA6iAkOcwfQp0K
285:wt15tMh0PZRdUY6kZ1Ki_
286:ZAJYXmPncTscCvJDFKTLx
287:u6BZVC9JsDGNht1fHHD4v
288:frPBNej7k1wsgFnoaJgpf
289:sRx88MMgL-HUL8eKu3Ayn
290:p-OsNNq7RLWkCbe83SuJd
291:WpToZiiM6S26EMwH2s9Cc
292:zkRh1ZGK0RWXiUfydFHsc
293:eU5Sm07yYewPeHL0pAphf
294:YZ9akuOgWYmH8_oVQneTw
295:QH1-CBAa44MfeXsnFSLBG
296:tVutNUd-29pjP9lU1FFs7
297:QoctBxfkElfiBh8JgX31p
298:ABIZe-NJz08BmfAiOszVK
299:lTGYVND2sT0JeKvvnwoVi
300:_vSyqVypVnF5gpiL2e1QC
301:7vO2Wob-G6PAyRucijTNN
302:fSYB-42PcK6IhPUlv2Tw2
303:96TvlFPME2UXFmuKuQw9W
304:74ey97uE_X4kHbAwMtF2S
305:n7h_zODRRRoq2T7YLSPUf
306:DCIB-LoCDHeydZVMOUNz1
307:NDhAuVE_uS0GMCcducTZf
308:EM3ILljItnIn8gXeENLSX
309:ZvxnaxoYYYV5ku0N_EC7U
310:DnfL99h7MnPLuEkB4lPCS
311:984-5vrmyHgaIUg1xKhaC
312:FbMeisBCjB7HcFCqADZSi
313:Jo4ivSsT7BCayfkuNJuQc
314:k2l1B3SuV_jc1-EaRI7Dq
315:eMOwsgNhck8lkPWDOnXGy
316:xdUV5NzpZ7ZCdxsekWOtb
317:uKihXHlxr3rEr5YVtQj1c
318:aKoELTLWtZYm9fECugYaT
319:4BweL_oUAVf6BLI9TLaQp
320:-JSz8QPJWvAjXuh8Yxw0k
321:2V7_6pq1SzZjzZ4jh-TIs
322:1WvNZUm7YJfV_nJEa8sUT
323:da1FyKTVKQ-P2DUxFoQOj
324:dEQQDDRCD3OypY0lqmfnX
325:uhGTCjWbZXvDqJ13cM5qP
326:ALdPwLPAy0iz6HM6Vbswa
327:Rm_RsvBnVY4tlL_4iswxp
328:2wjwykAXhHt1o-lWZQFLM
329:Qw5oTrEJb9t6XvEqlcrvt
330:Jm9WgraWva3BSlf3ho_Dk
331:tKdmtpvpg1rcQrIq1fZWK
332:EkLbAOyvnHVFvWu0rqs45
333:EnOCaDJ1BW0azWOlGwXH7
334:QOpbnsp_oWdn8ghET2iCx
335:rxrZXXKDAcrTa-BgXghEq
336:GCDSrnyyA4p7CSbeicxWA
337:_dQ5QAPxgHbJZmtjN0gqD
338:vd14fUdKLlLGMk7ftVebI
339:kax0BUXJ3BwBiBwywOeTN
340:1h8gfaCZHAp_x5dEstXtC
341:6445ZWj4EoNXfknzBc5ML
342:RvlPOYD-x0Ua1j782CoNN
343:lQAWhZs6FEEbbBT0FjZTV
344:aP7t1V17Nj5r4UQ_R7zNh
345:ygdw0BEMlIa8vDdOgTfge
346:cO9wh9uhg6XJTSohazYcm
347:1WvIIhrm1aj4pVuESw7_m
348:kZ-L0O5nPmT-WcGEHa1ER
349:4c1nUOJgtUOggiMGeyu0l
350:bfmBCaLEOzPnti-wlXN2k
351:8pgAa8JYO4Fg3S2qpGeqV
352:jrZLDel4Ib8bq53lbk6Xx
353:hAu2wm6D43AVApMAH_17t
354:HOsAg6VxfYBEU3gv8waq2
355:tQLZgYTiYHrNpgShuSYpj
356:gIm0E5JXfsOr0BIPSvQd2
357:MtMKcB-A2w5yrk_DPZuE7
358:QeDhZyFL6E62vSEkHhwIt
359:VwUTWX8Pjp50J8cr0zMeQ
360:y72onrUTEkp9u9Kt6_k67
361:NFOb5z7kF-X2hSBq0lk1f
362:3FfRxSIy3cy2938ZzfSjZ
363:L3wlM-oKOJ8vteR07mGZh
364:E2dUQvh_Imuj0btV0EV2I
365:v-TrTTXNlj4QUvfKuvZTp
366:E4P_e6HgTZnosfjqYmDyv
367:w_RmeNZ1h1wXN52tzkwZt
368:MwXnoaPguPlmUcX3X_o-U
369:uCxTSyy5lrbYljsuTWS0c
370:Vl3polgaEbVSYdY4MSZL8
371:5WOi2acJQ1c6zw9dH2FtH
372:V-q12R-htPbubI1XD-QmA
373:N89To_-VM-y7U79XKpMYh
374:yaXse39x2xkWWAojX7X5K
375:VKisluP9mh5LPNjzywiqD
376:g-Yqa50skvSn60MI6S5gh
377:qpMzbAGYovM0x7FmW4N53
378:W6GQ5zlVun2a2UwcdWdE-
379:CmHFwpKyfPeowvptKSjhG
380:kDUsc6QJutDzKg_aETHL8
381:kOMl2HBhVnxVfqsFBO1tN
382:8KrpiMpQ3iZ12bC2a6RAQ
383:D4ovwyk3Fznfzs7uY38hW
384:aLWmgqxiDwmPZ1-3XyGh0
385:h0Bb9lvicKLiWtz1mxXfv
386:gBhRgQxBbiAeN9jr9Ce1R
387:S3PCCG0YSJvBFYioeubIs
388:vDeSg9rro_G_lgJOvCEZN
389:OzAZgeCyhYK5MCTeYbLod
390:MtyBOgrXLZKbwtzIz_pYy
391:F-HIIiEMVFivpUBBPx0IM
392:AcA1TRbUW3uFw-z22ckHB
393:RCZWC2XVEBgIwzWKwUlm7
394:dXpmaE7H2nrteqWnAP-KR
395:IY_57syiNsz5iNphoK3y3
396:VYt2edN3P5fz0q5w8pukP
397:BGIDFwUdQr9pmX5ncLdqm
398:c8mra02R0W5qZsuQS6Q9F
399:LYj1MvR6mEMR9fBlmgpKV
400:aLmgRCpzzo2b5kWUad0Te
401:4_hZazJ2QzeQxmRDGNF0U
402:QpBA9H7k_Io-uLRWU0MLw
403:XEDQwQc75jAcFLRFjb9ZL
404:r5igSUHElF9M3H-hj3H2a
405:lgmEaM0PSxOsPhDG5JZ6i
406:FaWqBL5KzWCpmPEUbnWzN
407:g9JFOv7jDuBEUpgHbkeHZ
408:ZcpUnwezIZYEZKu4_4QK7
409:SDsghMciu7vscSO9DZxVB
410:MIkQTjg9RDG8_hwXGVX9K
411:y-1dKX1LWZyiBMvkWMkWP
412:gKs8i2TIpIKOEBCCvZwSj
413:jaYNwVOJaBK4O8MZE5yJn
414:MFOTwFgwb-9B-8QU5cKk_
415:6jA8RDQWaWKlE97zq4_pW
416:3-iCeizLiESZfYwOIQaTD
417:dCFk6SakxiMpFjkXWOxI4
418:a-XljFMKYhuaoFWYBTbwj
419:GzFOoeRL1DYb2s55-HHQv
420:MVneHvkox05RlzTh1t5o8
421:LrigPsvx4wUJBIBuwAqZq
422:Vdp8HAIyuheydbBgxcCxQ
423:bcHHU-UKswTw_dR90Nc4Y
424:4MEn6siIxOWzVzdwNwXzs
425:wODw-_2FOBRLWoUaL6F8f
426:D27wSwSNxtyZ8GaFZWG4F
427:DIV6op28rGE_fKf5i-Yme
428:6f39yWyaM8kTg3hcgQJuj
429:xkTQAx3Ge_bH2BQGIOxy7
430:E4Ac-h9rM9VUyORSR7R-h
431:Doovv0MGfNeTfY4b9laRm
432:kXBdqK8ec_KfaunxrsYGj
433:-bJbygx5pPgII-eq3zqqz
434:OaWc9qw_YSXxnz1T5Ulod
435:Ph2FRjI_0v6VdNmUsB-Mg
436:DxRcY8jU8FH1YaKtAp5m0
437:TLPERTnKfvEKRoYHmGc5V
438:t891mllY9B7_cTip6kRA-
439:bFl55F2dj7pqpzun31ZeQ
440:EV6luZJkCiIMS3n0oxSTF
441:Bie21OPZ8KawgsU56PZWd
442:_eydN_wFyDuHXOUq3GR27
443:f6r4lwAh4Md8Wc9jDoSKW
444:Yjx4On-6zKeKI9yayoerX
445:ft_6N6Khh-JbFLewBgTZx
446:ML2aVOsrfbYIaJyJU2dje
447:tKjarXK8B947GiEdRjjuS
448:SnT4Qtq-48B_c2uRNW4Uw
449:YcsK3yYvwIiCKb6OvNawr
450:DL9buztH5OKlCIMHcvko6
451:BpTcyc4QjNiP65FGsjx5-
452:AxL6eNft5uKCyye4SK_bo
453:i-fURtrWVgP_S6SVWn5IZ
454:L4PO2L0k6_Sh8GZvDvVWW
455:zaXbRLpOaesdi3PXJcc5F
456:PCrjagEDbmgMxDnHXrW_Q
457:ixP8MEqDVP35WOhSnvUV-
458:FmNE1GhViT08K4Qyzmg4k
459:sDvWpp8pHMJvb1OhpKCTE
460:IPh0CppAw2VBFClbsIYE2
461:tC0K9O9qjDTSW7B9QPH3t
462:rtegmQ-LqeH_-pBKFhKWV
463:aMDYuAez6fJVd8An64Y6l
464:HmpLcWR4QGVG6O4K_HDnW
465:CN3MMtGolOVExk9xToN4O
466:a16vGAerUD-Ti2Mqzu5yk
467:U6zpkfupMdlNJEcC40Qfu
468:mnlFBciBg4EYm9rI2Lnch
469:LnX6TD167TEGFD8EBScNf
470:RVh-_G1SFCMjbDQIhaK_3
471:iUvdW4FuGzs8qEjUwbKsm
472:tDdiUZhKXejKmlwqyshc1
473:NCAUKzjfT9WWhiXiGqdaB
474:jT28yVclg0u5uJDZxNhUB
475:gzZsPppc5gwsguzaaITDH
476:jgdpZvEzlklbB7htc91PJ
477:DiNhutCh_Mcgqwpmk2Xrt
478:GLOklvEWqkGhv3GNvoa9m
479:tbZTQ1weqsEvdLwPGaHXP
480:ZvefDvQNjxtjph73HOOuJ
481:wLWDQ0f0E75cPC8Vgb_Bn